// Jest Snapshot v1, https://goo.gl/fbAQLP

exports[`<App> Component renders without crashing 1`] = `
<div>
  <div
    class="page-content"
  >
    <div
      class="page-content-container"
    >
      <div
        class="home"
      >
        <section
          class="hero-section "
        >
          <div
            class="wrapper w960p flex-container flex-container-v"
          >
            <h1
              class="xlbiggest flex-item-center txtcenter"
              data-testid="landing-heading"
            >
              Looking For Maintainers
            </h1>
            <p
              class="biggest flex-item-center h2-like txtcenter"
              data-testid="landing-subheading"
            >
              Web app to find projects to contribute
            </p>
            <p
              class="biggest flex-item-center h2-like txtcenter"
            />
            <div
              class="flex-item-center"
            >
              <div
                class="mtxl w150p"
              />
              <a
                class="button-primary txtcenter main-cta"
                href="/explore"
              >
                <button
                  class="button-primary txtcenter main-cta"
                >
                  Explore Projects
                </button>
              </a>
            </div>
          </div>
        </section>
        <section
          class="explanation-section"
        >
          <div
            class="wrapper w960p flex-container flex-container-v"
          >
            <div
              class="separator w10"
            />
            <h1
              class="xbiggest flex-item-center txtcenter mtxl"
            >
              Motivation
            </h1>
            <p
              class="flex-item-center h3-like txtcenter mts"
            >
               
              Most projects on GitHub die because their authors can't find new contributors.
            </p>
            <p
              class="flex-item-center h3-like txtcenter mts"
            >
               
               
               
            </p>
            <p
              class="flex-item-center h3-like txtcenter mts"
            >
              <strong>
                Looking For Maintainers
              </strong>
               will help
              <strong>
                 project
              </strong>
               owners to find
              <strong>
                 new contributors
              </strong>
               and contributors to find exciting projects.
            </p>
            <p
              class="flex-item-center h3-like txtcenter mts"
            >
               
               
               
            </p>
            <div
              class="flex-item-center"
            >
              <a
                class=" button flex-item-center mtxl no-margin"
                href="https://github.com/manishsaraan/looking-for-maintainers"
              >
                 
                View it on GitHub
              </a>
            </div>
          </div>
        </section>
        <section
          class="contact-section mtxl no-margin"
        >
          <div
            class="wrapper w960p flex-container flex-container-v"
          >
            <div
              class="separator w10"
            />
            <h1
              class="xbiggest flex-item-center txtcenter mtxl"
            >
              Subscribe Newsletter
            </h1>
            <p
              class="flex-item-center h3-like txtcenter mts"
            >
              If you want to get notifications about new projects, please subscribe.
            </p>
            <p
              class="flex-item-center h3-like txtcenter mts"
            >
              Zero spam of course, unsubscribe any time.
            </p>
            <div
              class="contact-container mtxl"
            >
              <div
                class="first-page-email"
              >
                <div
                  class="first-page-email-content"
                >
                  <div
                    class="first-page-email__input-container"
                  >
                    <form
                      class="load-email__form"
                      id="contact-form"
                    >
                      <div
                        class="load-email__form-item"
                      >
                        <input
                          class="load-email-enter"
                          placeholder="Enter your email :)"
                          type="email"
                        />
                      </div>
                      <div
                        class="load-email__form-item txtcenter"
                      >
                        <button
                          class="load-email-button button-primary"
                          type="submit"
                        >
                          Subscribe
                        </button>
                      </div>
                    </form>
                  </div>
                </div>
              </div>
            </div>
          </div>
        </section>
        <footer
          class="footer-section mtxl"
        >
          <div
            class="wrapper w960p flex-container flex-container-v txtcenter"
          >
            <div
              class="h5-like pbs"
            >
              © Looking For Maintainers • 2020 •
            </div>
          </div>
        </footer>
      </div>
    </div>
  </div>
</div>
`;
